// Jest Snapshot v1, https://goo.gl/fbAQLP

exports[`Pruebas para el componente <HeroScreen /> debe de mostrarse correctamente el componente 1`] = `""`;
